[debug] [2026-05-30T08:21:12.935Z] ----------------------------------------------------------------------
[debug] [2026-05-30T08:21:12.941Z] Command:       C:\Program Files\nodejs\node.exe C:\Users\acer\AppData\Roaming\npm\node_modules\firebase-tools\lib\bin\firebase.js projects:list
[debug] [2026-05-30T08:21:12.942Z] CLI Version:   14.19.1
[debug] [2026-05-30T08:21:12.943Z] Platform:      win32
[debug] [2026-05-30T08:21:12.943Z] Node Version:  v22.14.0
[debug] [2026-05-30T08:21:12.944Z] Time:          Sat May 30 2026 13:51:12 GMT+0530 (India Standard Time)
[debug] [2026-05-30T08:21:12.944Z] ----------------------------------------------------------------------
[debug] 
[debug] [2026-05-30T08:21:12.950Z] >>> [apiv2][query] GET https://firebase-public.firebaseio.com/cli.json [none]
[debug] [2026-05-30T08:21:13.038Z] > command requires scopes: ["email","openid","https://www.googleapis.com/auth/cloudplatformprojects.readonly","https://www.googleapis.com/auth/firebase","https://www.googleapis.com/auth/cloud-platform"]
[debug] [2026-05-30T08:21:13.039Z] > authorizing via signed-in user (aryan@creativefuel.io)
[debug] [2026-05-30T08:21:13.052Z] Checked if tokens are valid: false, expires at: 1778679440840
[debug] [2026-05-30T08:21:13.053Z] Checked if tokens are valid: false, expires at: 1778679440840
[debug] [2026-05-30T08:21:13.053Z] > refreshing access token with scopes: []
[debug] [2026-05-30T08:21:13.056Z] >>> [apiv2][query] POST https://www.googleapis.com/oauth2/v3/token [none]
[debug] [2026-05-30T08:21:13.056Z] >>> [apiv2][body] POST https://www.googleapis.com/oauth2/v3/token [omitted]
[debug] [2026-05-30T08:21:14.303Z] <<< [apiv2][status] POST https://www.googleapis.com/oauth2/v3/token 400
[debug] [2026-05-30T08:21:14.304Z] <<< [apiv2][body] POST https://www.googleapis.com/oauth2/v3/token [omitted]
[debug] [2026-05-30T08:21:14.306Z] >>> [apiv2][query] GET https://firebase.googleapis.com/v1beta1/projects pageSize=1000
[debug] [2026-05-30T08:21:15.165Z] <<< [apiv2][status] GET https://firebase-public.firebaseio.com/cli.json 200
[debug] [2026-05-30T08:21:15.166Z] <<< [apiv2][body] GET https://firebase-public.firebaseio.com/cli.json {"cloudBuildErrorAfter":1594252800000,"cloudBuildWarnAfter":1590019200000,"defaultNode10After":1594252800000,"minVersion":"3.0.5","node8DeploysDisabledAfter":1613390400000,"node8RuntimeDisabledAfter":1615809600000,"node8WarnAfter":1600128000000}
[debug] [2026-05-30T08:21:18.831Z] <<< [apiv2][status] GET https://firebase.googleapis.com/v1beta1/projects 401
[debug] [2026-05-30T08:21:18.831Z] <<< [apiv2][body] GET https://firebase.googleapis.com/v1beta1/projects [omitted]
[debug] [2026-05-30T08:21:18.831Z] Got a 401 Unauthenticated error for a call that required authentication. Refreshing tokens.
[debug] [2026-05-30T08:21:18.832Z] Checked if tokens are valid: false, expires at: 1778679440840
[debug] [2026-05-30T08:21:18.832Z] Checked if tokens are valid: false, expires at: 1778679440840
[debug] [2026-05-30T08:21:18.832Z] > refreshing access token with scopes: []
[debug] [2026-05-30T08:21:18.834Z] >>> [apiv2][query] POST https://www.googleapis.com/oauth2/v3/token [none]
[debug] [2026-05-30T08:21:18.834Z] >>> [apiv2][body] POST https://www.googleapis.com/oauth2/v3/token [omitted]
[debug] [2026-05-30T08:21:20.270Z] <<< [apiv2][status] POST https://www.googleapis.com/oauth2/v3/token 400
[debug] [2026-05-30T08:21:20.270Z] <<< [apiv2][body] POST https://www.googleapis.com/oauth2/v3/token [omitted]
[debug] [2026-05-30T08:21:20.272Z] Request to https://firebase.googleapis.com/v1beta1/projects?pageSize=1000 had HTTP Error: 401, Request had invalid authentication credentials. Expected OAuth 2 access token, login cookie or other valid authentication credential. See https://developers.google.com/identity/sign-in/web/devconsole-project.
[debug] [2026-05-30T08:21:20.275Z] FirebaseError: Request to https://firebase.googleapis.com/v1beta1/projects?pageSize=1000 had HTTP Error: 401, Request had invalid authentication credentials. Expected OAuth 2 access token, login cookie or other valid authentication credential. See https://developers.google.com/identity/sign-in/web/devconsole-project.
    at responseToError (C:\Users\acer\AppData\Roaming\npm\node_modules\firebase-tools\lib\responseToError.js:52:12)
    at RetryOperation._fn (C:\Users\acer\AppData\Roaming\npm\node_modules\firebase-tools\lib\apiv2.js:312:77)
    at process.processTicksAndRejections (node:internal/process/task_queues:105:5)
[error] 
[error] Error: Failed to list Firebase projects. See firebase-debug.log for more info.
